Report 'report_mcmm_variation': MCMM Variation
Generated on Wed May 5 23:39:47 2021
  
------------------------------------------------------------
| MCMM variability report for design 'Neuron_Layer' (nano) |
|----------------------------------------------------------|
| MODE CORNER WNS TNS #Endpts WHS THS #Endpts              | 
------------------------------------------------------------


info UI33: performed report_mcmm_variation for 0 sec (CPU time: 0 sec; MEM: RSS - 331M, CVMEM - 1692M, PVMEM - 1870M)
Report 'report_path_group': Path Group
Generated on Wed May 5 23:39:47 2021
  
-------------------------------------------------------------------------------------------
|                               PATH GROUPS (SETUP) (nano)                                |
|-----------------------------------------------------------------------------------------|
| QOR Weight Margin TNS Range Endpoints Violating Endpoints Violating Endpoints % WNS TNS | 
-------------------------------------------------------------------------------------------


info UI33: performed report_path_group for 0 sec (CPU time: 0 sec; MEM: RSS - 331M, CVMEM - 1692M, PVMEM - 1870M)
SLACK HISTOGRAM
---------------
Select : SELECT_LATE

---------------------------------------------
| Slack           # End Pts Total # End Pts | 
|-------------------------------------------|
| 0.0000 - 0.4990 2772      2772            | 
---------------------------------------------


info UI33: performed report_slack_histogram for 0 sec (CPU time: 0 sec; MEM: RSS - 331M, CVMEM - 1692M, PVMEM - 1870M)
Report 'report_path_group': Path Group
Generated on Wed May 5 23:39:47 2021
  
-------------------------------------------------------------------------------------------
|                                PATH GROUPS (HOLD) (nano)                                |
|-----------------------------------------------------------------------------------------|
| QOR Weight Margin TNS Range Endpoints Violating Endpoints Violating Endpoints % WNS TNS | 
-------------------------------------------------------------------------------------------


info UI33: performed report_path_group for 0 sec (CPU time: 0 sec; MEM: RSS - 331M, CVMEM - 1692M, PVMEM - 1870M)
SLACK HISTOGRAM
---------------
Select : SELECT_EARLY

---------------------------------------------
| Slack           # End Pts Total # End Pts | 
|-------------------------------------------|
| 0.0000 - 0.7490 1344      1344            | 
| 0.7500 - 1.4990 1428      2772            | 
---------------------------------------------


info UI33: performed report_slack_histogram for 0 sec (CPU time: 0 sec; MEM: RSS - 331M, CVMEM - 1692M, PVMEM - 1870M)
Report 'report_mcmm_variation': MCMM Variation
Generated on Wed May 5 23:40:16 2021
  
------------------------------------------------------------
| MCMM variability report for design 'Neuron_Layer' (nano) |
|----------------------------------------------------------|
| MODE CORNER WNS TNS #Endpts WHS THS #Endpts              | 
------------------------------------------------------------


info UI33: performed report_mcmm_variation for 0 sec (CPU time: 0 sec; MEM: RSS - 334M, CVMEM - 1692M, PVMEM - 1870M)
Report 'report_path_group': Path Group
Generated on Wed May 5 23:40:16 2021
  
-------------------------------------------------------------------------------------------
|                               PATH GROUPS (SETUP) (nano)                                |
|-----------------------------------------------------------------------------------------|
| QOR Weight Margin TNS Range Endpoints Violating Endpoints Violating Endpoints % WNS TNS | 
-------------------------------------------------------------------------------------------


info UI33: performed report_path_group for 0 sec (CPU time: 0 sec; MEM: RSS - 334M, CVMEM - 1692M, PVMEM - 1870M)
SLACK HISTOGRAM
---------------
Select : SELECT_LATE

---------------------------------------------
| Slack           # End Pts Total # End Pts | 
|-------------------------------------------|
| 0.0000 - 0.4990 2772      2772            | 
---------------------------------------------


info UI33: performed report_slack_histogram for 0 sec (CPU time: 0 sec; MEM: RSS - 334M, CVMEM - 1692M, PVMEM - 1870M)
Report 'report_path_group': Path Group
Generated on Wed May 5 23:40:16 2021
  
-------------------------------------------------------------------------------------------
|                                PATH GROUPS (HOLD) (nano)                                |
|-----------------------------------------------------------------------------------------|
| QOR Weight Margin TNS Range Endpoints Violating Endpoints Violating Endpoints % WNS TNS | 
-------------------------------------------------------------------------------------------


info UI33: performed report_path_group for 0 sec (CPU time: 0 sec; MEM: RSS - 334M, CVMEM - 1692M, PVMEM - 1870M)
SLACK HISTOGRAM
---------------
Select : SELECT_EARLY

---------------------------------------------
| Slack           # End Pts Total # End Pts | 
|-------------------------------------------|
| 0.0000 - 0.7490 1344      1344            | 
| 0.7500 - 1.4990 1428      2772            | 
---------------------------------------------


info UI33: performed report_slack_histogram for 0 sec (CPU time: 0 sec; MEM: RSS - 334M, CVMEM - 1692M, PVMEM - 1870M)
