Report End Points: 
-----+-------+------+-------+-----+-----+-----+-----+-----------+---------
     |Group  |Launch|Capture|Shift|Delay|Depth|Slack|Begin Point|End Point
-----+-------+------+-------+-----+-----+-----+-----+-----------+---------
1    |default|      |       |     |     |     |     |           |         
-----+-------+------+-------+-----+-----+-----+-----+-----------+---------
Report End Points: 
-----+-----+------+-------+-----+-----+-----+-----+-----------+---------
     |Group|Launch|Capture|Shift|Delay|Depth|Slack|Begin Point|End Point
-----+-----+------+-------+-----+-----+-----+-----+-----------+---------
1    |I2R  |      |       |     |     |     |     |           |         
-----+-----+------+-------+-----+-----+-----+-----+-----------+---------
Report End Points: 
-----+-----+--------------+-------+-------+------+-----+-------+------------+------------
     |Group|Launch        |Capture|Shift  |Delay |Depth|Slack  |Begin Point |End Point   
-----+-----+--------------+-------+-------+------+-----+-------+------------+------------
1    |I2O  |rtDefaultClock|vsysclk|60000.0|4707.3|  138|36592.7|values[0][2]|class_out[4]
2    |I2O  |rtDefaultClock|vsysclk|60000.0|4707.3|  138|36592.7|values[0][2]|class_out[6]
3    |I2O  |rtDefaultClock|vsysclk|60000.0|4707.3|  138|36592.7|values[0][2]|class_out[7]
-----+-----+--------------+-------+-------+------+-----+-------+------------+------------
Report End Points: 
-----+-----+------+-------+-----+-----+-----+-----+-----------+---------
     |Group|Launch|Capture|Shift|Delay|Depth|Slack|Begin Point|End Point
-----+-----+------+-------+-----+-----+-----+-----+-----------+---------
1    |R2O  |      |       |     |     |     |     |           |         
-----+-----+------+-------+-----+-----+-----+-----+-----------+---------
