Report for group default
Report for group I2R
Report for group I2O
------------------------------------------------------------------------------------------------------------------------------------------------------------
Startpoint: values[0][2]
    (Clocked by rtDefaultClock R)
Endpoint: class_out[4]
    (Clocked by vsysclk R)
Path Group: I2O
Data required time: 42000.0
    (Clock shift: 60000.0, minus Uncertainty: 0.0, plus Latency 0.0, minus Out delay: 18000.0)
Data arrival time: 5407.3
Slack: 36592.7
Logic depth: 138
------------------------------------------------------------------------------------------------------------------------------------------------------------
                                                     Arrival               Arc      Net               Net    Total   fan-                                   
Path                     Module/Cell           Edge     Time    Delay    Delay    Delay     Slew     Load     Load    out     Location Power Domain      (V)
                                                        (ps)     (ps)     (ps)     (ps)     (ps)     (ff)     (ff)    (#)      (um,um)                      
------------------------------------------------------------------------------------------------------------------------------------------------------------
values[0][2]             {set_input_delay}        f    700.0    700.0    700.0                        6.5     23.2      4     0,   51                       
i_0_0_507/B1->ZN         OAI221_X2               fr    794.5     94.5     93.8      0.7    100.0      0.9      4.9      1    45,   45  /PD_TOP        (1.10)
i_0_0_505/A->ZN          OAI211_X4               rf    830.0     35.5     35.5      0.0     42.2      0.9      3.3      1    45,   45  /PD_TOP        (1.10)
i_0_0_502/C1->ZN         AOI221_X2               fr    886.9     56.9     56.9      0.0     14.1      0.9      4.9      1    45,   45  /PD_TOP        (1.10)
i_0_0_501/A2->ZN         OAI22_X4                rf    917.2     30.3     30.3      0.0     50.5      0.7      4.5      1    45,   45  /PD_TOP        (1.10)
i_0_0_499/A1->ZN         NAND2_X4                fr    931.6     14.4     14.4      0.0     11.0      0.8      3.4      1    45,   45  /PD_TOP        (1.10)
i_0_0_498/A->ZN          OAI221_X2               rf    966.5     34.9     34.9      0.0      9.1      0.9      4.9      1    45,   45  /PD_TOP        (1.10)
i_0_0_496/A->ZN          OAI211_X4               fr    994.0     27.5     27.5      0.0     20.0      0.8      4.8      1    45,   45  /PD_TOP        (1.10)
i_0_0_494/A->ZN          OAI211_X4               rf   1025.3     31.3     31.3      0.0     22.0      0.8      4.8      1    45,   45  /PD_TOP        (1.10)
i_0_0_491/B1->ZN         AOI21_X4                fr   1054.2     28.9     28.9      0.0     14.8      0.7      4.7      1    45,   45  /PD_TOP        (1.10)
i_0_0_490/A->ZN          OAI21_X4                rf   1076.1     21.9     21.9      0.0     22.0      0.7      4.8      1    45,   45  /PD_TOP        (1.10)
i_0_0_487/B1->ZN         AOI21_X4                fr   1100.9     24.8     24.8      0.0      9.6      0.8      3.1      1    45,   45  /PD_TOP        (1.10)
i_0_0_485/A->ZN          AOI211_X2               rf   1119.9     19.0     19.0      0.0     20.2      0.8      4.7      1    45,   45  /PD_TOP        (1.10)
i_0_0_484/A->ZN          AOI21_X4*               fr   1197.7     77.8     77.8      0.0      9.9      3.4     42.9      5    45,   45  /PD_TOP        (1.10)
i_0_0_483/A->ZN          INV_X32                 rf   1212.5     14.8     14.7      0.1     15.3     18.3    125.0     27    45,   45  /PD_TOP        (1.10)
i_0_0_465/B1->ZN         OAI21_X4                fr   1267.1     54.6     54.0      0.6      7.2      0.6     26.1      1    45,   45  /PD_TOP        (1.10)
i_0_0_464/A->ZN          INV_X8                  rf   1278.6     11.5     11.5      0.0     43.7      2.2     14.2      3    45,   45  /PD_TOP        (1.10)
i_0_0_463/B1->ZN         AOI22_X4                fr   1318.6     40.0     40.0      0.0      4.6      0.8      5.0      1    45,   45  /PD_TOP        (1.10)
i_0_0_459/B2->ZN         AOI21_X4                rf   1337.1     18.5     18.5      0.0     25.7      0.7      4.6      1    45,   45  /PD_TOP        (1.10)
i_0_0_458/A->ZN          AOI21_X4                fr   1376.1     39.0     39.0      0.0      7.9      0.7      4.8      1    45,   45  /PD_TOP        (1.10)
i_0_0_451/B2->ZN         OAI21_X4                rf   1395.7     19.6     19.6      0.0     22.2      0.8      3.4      1    45,   45  /PD_TOP        (1.10)
i_0_0_450/A->ZN          OAI221_X2               fr   1420.7     25.0     25.0      0.0      9.1      0.8      4.7      1    45,   45  /PD_TOP        (1.10)
i_0_0_449/A2->ZN         NAND2_X4                rf   1439.9     19.2     19.2      0.0     41.8      0.7      4.6      1    45,   45  /PD_TOP        (1.10)
i_0_0_448/A->ZN          OAI21_X4                fr   1459.2     19.3     19.3      0.0      7.1      0.7      4.8      1    45,   45  /PD_TOP        (1.10)
i_0_0_446/B1->ZN         AOI21_X4                rf   1476.2     17.0     17.0      0.0     18.9      0.7      4.6      1    45,   45  /PD_TOP        (1.10)
i_0_0_442/A->ZN          AOI21_X4                fr   1515.1     38.9     38.9      0.0      7.9      0.7      4.7      1    45,   45  /PD_TOP        (1.10)
i_0_0_440/B1->ZN         OAI21_X4                rf   1532.6     17.5     17.5      0.0     22.1      0.7      4.7      1    45,   45  /PD_TOP        (1.10)
i_0_0_437/A->ZN          OAI21_X4                fr   1553.2     20.6     20.6      0.0      9.6      0.7      4.8      1    45,   45  /PD_TOP        (1.10)
i_0_0_430/B1->ZN         AOI21_X4                rf   1569.3     16.1     16.1      0.0     18.9      0.8      3.4      1    45,   45  /PD_TOP        (1.10)
i_0_0_427/A->ZN          AOI221_X2               fr   1649.7     80.4     80.4      0.0      7.4      0.9      4.9      1    45,   45  /PD_TOP        (1.10)
i_0_0_423/A2->ZN         OAI22_X4*               rf   1712.8     63.1     63.1      0.0     50.5      6.1     63.2      9    45,   45  /PD_TOP        (1.10)
i_0_0_422/A->ZN          INV_X32                 fr   1736.8     24.0     23.9      0.1     15.3     17.7    120.4     26    45,   45  /PD_TOP        (1.10)
i_0_0_413/A2->ZN         NAND2_X4                rf   1752.2     15.4     14.9      0.5     13.5      0.7      4.6      1    45,   45  /PD_TOP        (1.10)
i_0_0_412/A->ZN          OAI21_X4                fr   1777.6     25.4     25.4      0.0      7.1      2.3     14.6      3    45,   45  /PD_TOP        (1.10)
i_0_0_409/B1->ZN         OAI21_X4                rf   1796.4     18.8     18.8      0.0     30.3      0.7      4.7      1    45,   45  /PD_TOP        (1.10)
i_0_0_405/B1->ZN         OAI21_X4                fr   1822.1     25.7     25.7      0.0      9.6      0.8      3.4      1    45,   45  /PD_TOP        (1.10)
i_0_0_404/A->ZN          OAI221_X2               rf   1859.5     37.4     37.4      0.0     17.4      0.8      4.7      1    45,   45  /PD_TOP        (1.10)
i_0_0_403/A2->ZN         NAND2_X4                fr   1881.7     22.2     22.2      0.0     19.8      0.7      4.6      1    45,   45  /PD_TOP        (1.10)
i_0_0_402/A->ZN          OAI21_X4                rf   1900.1     18.4     18.4      0.0      9.7      0.7      4.8      1    45,   45  /PD_TOP        (1.10)
i_0_0_400/B1->ZN         AOI21_X4                fr   1926.8     26.7     26.7      0.0      9.6      0.7      4.6      1    45,   45  /PD_TOP        (1.10)
i_0_0_397/A->ZN          AOI21_X4                rf   1943.2     16.4     16.4      0.0     22.0      0.7      4.7      1    45,   45  /PD_TOP        (1.10)
i_0_0_390/B1->ZN         OAI21_X4                fr   1968.2     25.0     25.0      0.0      7.9      0.8      3.4      1    45,   45  /PD_TOP        (1.10)
i_0_0_386/A->ZN          OAI221_X2               rf   2005.8     37.6     37.6      0.0     17.4      0.8      4.9      1    45,   45  /PD_TOP        (1.10)
i_0_0_379/B1->ZN         AOI21_X4                fr   2036.9     31.1     31.1      0.0     20.0      0.7      4.6      1    45,   45  /PD_TOP        (1.10)
i_0_0_378/A->ZN          AOI21_X4                rf   2053.3     16.4     16.4      0.0     22.0      0.7      4.8      1    45,   45  /PD_TOP        (1.10)
i_0_0_369/B2->ZN         OAI21_X4                fr   2083.3     30.0     30.0      0.0      7.9      0.8      3.4      1    45,   45  /PD_TOP        (1.10)
i_0_0_366/A->ZN          OAI221_X2               rf   2121.1     37.8     37.8      0.0     17.4      0.9      4.9      1    45,   45  /PD_TOP        (1.10)
i_0_0_361/A1->ZN         AOI22_X4*               fr   2200.9     79.8     79.8      0.0     20.1      5.5     57.2      8    45,   45  /PD_TOP        (1.10)
i_0_0_360/A->ZN          INV_X32                 rf   2215.0     14.1     14.0      0.1     15.3     16.2    111.4     24    45,   45  /PD_TOP        (1.10)
i_0_0_344/A2->ZN         NAND2_X4                fr   2231.3     16.3     15.8      0.5      6.8      0.7      4.6      1    45,   45  /PD_TOP        (1.10)
i_0_0_343/A->ZN          OAI21_X4                rf   2254.3     23.0     23.0      0.0      9.7      2.3     12.8      3    45,   45  /PD_TOP        (1.10)
i_0_0_342/B1->ZN         AOI22_X4                fr   2297.7     43.4     43.4      0.0     13.0      0.8      4.7      1    45,   45  /PD_TOP        (1.10)
i_0_0_341/A->ZN          OAI21_X4                rf   2319.4     21.7     21.7      0.0     25.4      0.8      3.4      1    45,   45  /PD_TOP        (1.10)
i_0_0_338/A->ZN          OAI221_X2               fr   2344.6     25.2     25.2      0.0      9.1      0.8      4.9      1    45,   45  /PD_TOP        (1.10)
i_0_0_331/B1->ZN         AOI21_X4                rf   2363.8     19.2     19.2      0.0     42.1      0.8      3.4      1    45,   45  /PD_TOP        (1.10)
i_0_0_328/A->ZN          AOI221_X2               fr   2444.5     80.7     80.7      0.0      7.4      0.8      5.0      1    45,   45  /PD_TOP        (1.10)
i_0_0_324/A1->ZN         NOR2_X4                 rf   2454.5     10.0     10.0      0.0     50.8      0.8      3.4      1    45,   45  /PD_TOP        (1.10)
i_0_0_321/A->ZN          AOI221_X2               fr   2533.8     79.3     79.3      0.0      5.4      0.8      4.8      1    45,   45  /PD_TOP        (1.10)
i_0_0_314/B1->ZN         OAI21_X4                rf   2553.0     19.2     19.2      0.0     50.2      0.8      3.2      1    45,   45  /PD_TOP        (1.10)
i_0_0_307/A1->ZN         AOI222_X2               fr   2615.3     62.3     62.3      0.0      9.0      0.8      4.8      1    45,   45  /PD_TOP        (1.10)
i_0_0_300/B1->ZN         OAI21_X4                rf   2636.4     21.1     21.1      0.0     57.1      0.8      4.8      1    45,   45  /PD_TOP        (1.10)
i_0_0_298/A->ZN          OAI211_X4               fr   2658.8     22.4     22.4      0.0      9.6      0.8      4.7      1    45,   45  /PD_TOP        (1.10)
i_0_0_297/A->ZN          OAI21_X4*               rf   2726.2     67.4     67.4      0.0     21.9     21.6    146.4     31    45,   45  /PD_TOP        (1.10)
i_0_0_296/S->Z           MUX2_X2                 fr   2818.4     92.2     91.5      0.7     15.3      0.6     26.1      1    45,   45  /PD_TOP        (1.10)
i_0_0_295/A->ZN          INV_X8                  rf   2827.7      9.3      9.3      0.0     34.0      1.4      9.7      2    45,   45  /PD_TOP        (1.10)
i_0_0_292/A2->ZN         AOI22_X4                fr   2862.6     34.9     34.9      0.0      4.1      0.8      4.8      1    45,   45  /PD_TOP        (1.10)
i_0_0_285/B1->ZN         OAI21_X4                rf   2879.7     17.1     17.1      0.0     25.5      0.8      3.4      1    45,   45  /PD_TOP        (1.10)
i_0_0_282/A->ZN          OAI221_X2               fr   2904.9     25.2     25.2      0.0      9.1      0.8      4.9      1    45,   45  /PD_TOP        (1.10)
i_0_0_275/B1->ZN         AOI21_X4                rf   2924.1     19.2     19.2      0.0     42.1      0.8      3.4      1    45,   45  /PD_TOP        (1.10)
i_0_0_272/A->ZN          AOI221_X2               fr   3004.1     80.0     80.0      0.0      7.4      0.8      4.8      1    45,   45  /PD_TOP        (1.10)
i_0_0_265/B1->ZN         OAI21_X4                rf   3023.5     19.4     19.4      0.0     50.2      0.8      3.4      1    45,   45  /PD_TOP        (1.10)
i_0_0_262/A->ZN          OAI221_X2               fr   3048.7     25.2     25.2      0.0      9.1      0.8      4.9      1    45,   45  /PD_TOP        (1.10)
i_0_0_255/B1->ZN         AOI21_X4                rf   3067.9     19.2     19.2      0.0     42.1      0.8      3.4      1    45,   45  /PD_TOP        (1.10)
i_0_0_252/A->ZN          AOI221_X2               fr   3141.5     73.6     73.6      0.0      7.4      0.9      3.2      1    45,   45  /PD_TOP        (1.10)
i_0_0_246/A->ZN          AOI211_X2               rf   3166.0     24.5     24.5      0.0     44.4      0.8      4.7      1    45,   45  /PD_TOP        (1.10)
i_0_0_245/A->ZN          OAI21_X4                fr   3186.8     20.8     20.8      0.0     10.0      0.8      4.8      1    45,   45  /PD_TOP        (1.10)
i_0_0_243/A->ZN          OAI211_X4*              rf   3268.4     81.6     81.6      0.0     18.9     22.4    153.9     32    45,   45  /PD_TOP        (1.10)
i_0_0_227/B1->ZN         OAI21_X4                fr   3326.1     57.7     57.0      0.7     15.3      0.6     26.1      1    45,   45  /PD_TOP        (1.10)
i_0_0_226/A->ZN          INV_X8                  rf   3335.3      9.2      9.2      0.0     43.7      1.4      9.6      2    45,   45  /PD_TOP        (1.10)
i_0_0_225/B->ZN          OAI211_X4               fr   3357.0     21.7     21.7      0.0      4.0      0.8      5.0      1    45,   45  /PD_TOP        (1.10)
i_0_0_220/B2->ZN         AOI21_X4                rf   3374.2     17.2     17.2      0.0     22.2      0.8      3.4      1    45,   45  /PD_TOP        (1.10)
i_0_0_217/A->ZN          AOI221_X2               fr   3454.2     80.0     80.0      0.0      7.4      0.8      4.8      1    45,   45  /PD_TOP        (1.10)
i_0_0_210/B1->ZN         OAI21_X4                rf   3473.6     19.4     19.4      0.0     50.2      0.8      3.4      1    45,   45  /PD_TOP        (1.10)
i_0_0_207/A->ZN          OAI221_X2               fr   3498.8     25.2     25.2      0.0      9.1      0.8      4.9      1    45,   45  /PD_TOP        (1.10)
i_0_0_200/B1->ZN         AOI21_X4                rf   3518.0     19.2     19.2      0.0     42.1      0.8      3.4      1    45,   45  /PD_TOP        (1.10)
i_0_0_197/A->ZN          AOI221_X2               fr   3598.1     80.1     80.1      0.0      7.4      0.8      4.9      1    45,   45  /PD_TOP        (1.10)
i_0_0_191/B2->ZN         OAI21_X4                rf   3622.4     24.3     24.3      0.0     50.3      0.8      3.4      1    45,   45  /PD_TOP        (1.10)
i_0_0_190/A->ZN          OAI221_X2               fr   3647.9     25.5     25.5      0.0      9.1      0.8      5.1      1    45,   45  /PD_TOP        (1.10)
i_0_0_188/A2->ZN         NAND3_X4                rf   3676.7     28.8     28.8      0.0     42.7      0.7      4.7      1    45,   45  /PD_TOP        (1.10)
i_0_0_187/A->ZN          OAI21_X4                fr   3698.0     21.3     21.3      0.0     11.0      0.7      4.7      1    45,   45  /PD_TOP        (1.10)
i_0_0_186/B1->ZN         OAI21_X4                rf   3718.2     20.2     20.2      0.0     18.9      1.4      9.7      2    45,   45  /PD_TOP        (1.10)
i_0_0_185/B2->ZN         AOI21_X2                fr   3748.7     30.5     30.5      0.0     11.6      0.7      2.8      1    45,   45  /PD_TOP        (1.10)
i_0_0_183/A1->ZN         OR2_X4*                 rr   3822.2     73.5     73.5      0.0     20.1     20.6    160.2     30    45,   45  /PD_TOP        (1.10)
i_0_0_182/A->ZN          INV_X8                  rf   3832.7     10.5      9.9      0.6     15.3      1.9     14.0      3    45,   45  /PD_TOP        (1.10)
i_0_0_172/B1->ZN         OAI21_X4                fr   3885.7     53.0     53.0      0.0      4.5      0.6     26.1      1    45,   45  /PD_TOP        (1.10)
i_0_0_171/A->ZN          INV_X8                  rf   3895.0      9.3      9.3      0.0     43.7      1.4      9.7      2    45,   45  /PD_TOP        (1.10)
i_0_0_168/A2->ZN         AOI22_X4                fr   3929.9     34.9     34.9      0.0      4.1      0.8      4.8      1    45,   45  /PD_TOP        (1.10)
i_0_0_165/B1->ZN         OAI21_X4                rf   3947.0     17.1     17.1      0.0     25.5      0.8      3.4      1    45,   45  /PD_TOP        (1.10)
i_0_0_162/A->ZN          OAI221_X2               fr   3971.8     24.8     24.8      0.0      9.1      0.8      4.6      1    45,   45  /PD_TOP        (1.10)
i_0_0_158/A1->ZN         NAND2_X4                rf   3988.7     16.9     16.9      0.0     41.4      0.8      3.4      1    45,   45  /PD_TOP        (1.10)
i_0_0_155/A->ZN          OAI221_X2               fr   4012.7     24.0     24.0      0.0      6.6      0.8      4.9      1    45,   45  /PD_TOP        (1.10)
i_0_0_150/B1->ZN         AOI21_X4                rf   4033.0     20.3     20.3      0.0     42.1      0.7      4.6      1    45,   45  /PD_TOP        (1.10)
i_0_0_149/A->ZN          AOI21_X4                fr   4072.0     39.0     39.0      0.0      7.9      0.7      4.8      1    45,   45  /PD_TOP        (1.10)
i_0_0_142/B2->ZN         OAI21_X4                rf   4091.6     19.6     19.6      0.0     22.2      0.8      3.4      1    45,   45  /PD_TOP        (1.10)
i_0_0_139/A->ZN          OAI221_X2               fr   4116.8     25.2     25.2      0.0      9.1      0.8      4.9      1    45,   45  /PD_TOP        (1.10)
i_0_0_132/B1->ZN         AOI21_X4                rf   4136.0     19.2     19.2      0.0     42.1      0.8      3.4      1    45,   45  /PD_TOP        (1.10)
i_0_0_129/A->ZN          AOI221_X2               fr   4216.4     80.4     80.4      0.0      7.4      0.9      4.9      1    45,   45  /PD_TOP        (1.10)
i_0_0_126/A2->ZN         OAI22_X4*               rf   4296.8     80.4     80.4      0.0     50.5     22.4    153.7     32    45,   45  /PD_TOP        (1.10)
i_0_0_121/B1->ZN         OAI21_X4                fr   4338.9     42.1     41.4      0.7     15.3      2.1     13.9      3    45,   45  /PD_TOP        (1.10)
i_0_0_118/A2->ZN         OAI22_X4                rf   4364.8     25.9     25.9      0.0     29.5      0.8      4.8      1    45,   45  /PD_TOP        (1.10)
i_0_0_114/A->ZN          OAI211_X4               fr   4388.0     23.2     23.2      0.0     11.2      0.8      4.8      1    45,   45  /PD_TOP        (1.10)
i_0_0_107/B1->ZN         AOI21_X4                rf   4404.6     16.6     16.6      0.0     22.0      0.8      3.4      1    45,   45  /PD_TOP        (1.10)
i_0_0_104/A->ZN          AOI221_X2               fr   4484.6     80.0     80.0      0.0      7.4      0.8      4.8      1    45,   45  /PD_TOP        (1.10)
i_0_0_97/B1->ZN          OAI21_X4                rf   4504.0     19.4     19.4      0.0     50.2      0.8      3.4      1    45,   45  /PD_TOP        (1.10)
i_0_0_94/A->ZN           OAI221_X2               fr   4529.2     25.2     25.2      0.0      9.1      0.8      4.9      1    45,   45  /PD_TOP        (1.10)
i_0_0_87/B1->ZN          AOI21_X4                rf   4548.4     19.2     19.2      0.0     42.1      0.8      3.4      1    45,   45  /PD_TOP        (1.10)
i_0_0_84/A->ZN           AOI221_X2               fr   4628.4     80.0     80.0      0.0      7.4      0.8      4.8      1    45,   45  /PD_TOP        (1.10)
i_0_0_77/B1->ZN          OAI21_X4                rf   4647.8     19.4     19.4      0.0     50.2      0.8      3.4      1    45,   45  /PD_TOP        (1.10)
i_0_0_74/A->ZN           OAI221_X2               fr   4673.0     25.2     25.2      0.0      9.1      0.9      4.9      1    45,   45  /PD_TOP        (1.10)
i_0_0_71/A->ZN           OAI211_X4               rf   4714.1     41.1     41.1      0.0     42.2      1.5      9.4      2    45,   45  /PD_TOP        (1.10)
i_0_0_69/A1->ZN          NAND2_X4*               fr   4778.9     64.8     64.8      0.0     17.8     21.7    141.8     31    45,   45  /PD_TOP        (1.10)
i_0_0_67/A1->ZN          NAND2_X4                rf   4794.0     15.1     14.4      0.7     15.3      0.7      4.6      1    45,   45  /PD_TOP        (1.10)
i_0_0_66/A->ZN           OAI21_X4                fr   4826.4     32.4     32.4      0.0      7.1      0.6     26.1      1    45,   45  /PD_TOP        (1.10)
i_0_0_65/A->ZN           INV_X8                  rf   4834.9      8.5      8.5      0.0     43.7      1.6      8.1      2    45,   45  /PD_TOP        (1.10)
i_0_0_60/A2->ZN          AOI22_X4                fr   4869.7     34.8     34.8      0.0      3.9      0.8      4.7      1    45,   45  /PD_TOP        (1.10)
i_0_0_59/A->ZN           OAI21_X4                rf   4891.4     21.7     21.7      0.0     25.4      0.8      3.4      1    45,   45  /PD_TOP        (1.10)
i_0_0_56/A->ZN           OAI221_X2               fr   4916.6     25.2     25.2      0.0      9.1      0.8      4.9      1    45,   45  /PD_TOP        (1.10)
i_0_0_49/B1->ZN          AOI21_X4                rf   4935.8     19.2     19.2      0.0     42.1      0.8      3.4      1    45,   45  /PD_TOP        (1.10)
i_0_0_45/A->ZN           AOI221_X2               fr   5015.8     80.0     80.0      0.0      7.4      0.8      4.8      1    45,   45  /PD_TOP        (1.10)
i_0_0_38/B1->ZN          OAI21_X4                rf   5035.2     19.4     19.4      0.0     50.2      0.8      3.4      1    45,   45  /PD_TOP        (1.10)
i_0_0_35/A->ZN           OAI221_X2               fr   5060.4     25.2     25.2      0.0      9.1      0.8      4.9      1    45,   45  /PD_TOP        (1.10)
i_0_0_28/B1->ZN          AOI21_X4                rf   5079.6     19.2     19.2      0.0     42.1      0.8      3.4      1    45,   45  /PD_TOP        (1.10)
i_0_0_25/A->ZN           AOI221_X2               fr   5159.6     80.0     80.0      0.0      7.4      0.8      4.8      1    45,   45  /PD_TOP        (1.10)
i_0_0_20/B1->ZN          OAI21_X4                rf   5180.4     20.8     20.8      0.0     50.2      0.7      4.7      1    45,   45  /PD_TOP        (1.10)
i_0_0_17/A->ZN           OAI21_X4                fr   5201.1     20.7     20.7      0.0      9.6      0.8      4.8      1    45,   45  /PD_TOP        (1.10)
i_0_0_14/A1->ZN          AOI22_X4*               rf   5233.6     32.5     32.5      0.0     19.0      1.4     30.8      2    45,   45  /PD_TOP        (1.10)
i_0_0_12/A->ZN           AOI21_X4*               fr   5307.1     73.5     73.5      0.0     15.3      1.3     30.5      2    45,   45  /PD_TOP        (1.10)
i_0_0_11/A->ZN           INV_X8                  rf   5316.9      9.8      9.8      0.0     15.3      2.0     13.9      3    45,   45  /PD_TOP        (1.10)
i_0_0_10/A2->ZN          NOR2_X4*                fr   5406.5     89.6     89.6      0.0      4.5     38.3    158.3     12    45,   45  /PD_TOP        (1.10)
class_out[4]                                      r   5407.3      0.8               0.8     15.3                             52,   90                       
------------------------------------------------------------------------------------------------------------------------------------------------------------
Report for group R2O
