Report Physical info: 
------------------------+-------------+-----------+------------
                        |             |Area (squm)|Leakage (uW)
------------------------+-------------+-----------+------------
Design Name             |DMA          |           |            
  Total Instances       |         4190|      12809|     232.700
    Macros              |            0|          0|       0.000
    Pads                |            0|          0|       0.000
    Phys                |            0|          0|       0.000
    Blackboxes          |            0|          0|       0.000
    Cells               |         4190|      12809|     232.700
      Buffers           |            0|          0|       0.000
      Inverters         |           48|         26|       0.689
      Clock-Gates       |            1|          4|       0.059
      Combinational     |         2168|       3858|      75.864
      Latches           |            0|          0|       0.000
      FlipFlops         |         1973|       8922|     156.089
       Single-Bit FF    |         1973|       8922|     156.089
       Multi-Bit FF     |            0|          0|       0.000
       Clock-Gated      |           20|           |            
       Bits             |         1973|       8922|     156.089
         Load-Enabled   |            0|           |            
         Clock-Gated    |           20|           |            
  Tristate Pin Count    |            0|           |            
Physical Info           |Placed       |           |            
  Chip Size (mm x mm)   |0.206 x 0.206|      42481|            
  Fixed Cell Area       |             |          0|            
    Phys Only           |            0|          0|            
  Placeable Area        |             |      21274|            
  Movable Cell Area     |             |      12809|            
  Utilization (%)       |           60|           |            
  Chip Utilization (%)  |           60|           |            
  Total Wire Length (mm)|      227.803|           |            
  Longest Wire (mm)     |        0.190|           |            
  Average Wire (mm)     |        0.108|           |            
------------------------+-------------+-----------+------------
